/home/infinitytrade/infinityenv/lib/python3.10/site-packages/django/db/models/fields/__init__.py:1606: RuntimeWarning: DateTimeField InvestmentWallet.txn_date received a naive datetime (2025-04-10 00:00:00) while time zone support is active.
  warnings.warn(
/home/infinitytrade/infinityenv/lib/python3.10/site-packages/django/db/models/fields/__init__.py:1606: RuntimeWarning: DateTimeField DailyTradingROI.roi_date received a naive datetime (2025-04-10 00:00:00) while time zone support is active.
  warnings.warn(
ROI DISTRIBUTED SUCCESSFULLY FOR DATE 2025-04-10 
/home/infinitytrade/infinityenv/lib/python3.10/site-packages/django/db/models/fields/__init__.py:1606: RuntimeWarning: DateTimeField InvestmentWallet.txn_date received a naive datetime (2025-04-11 00:00:00) while time zone support is active.
  warnings.warn(
/home/infinitytrade/infinityenv/lib/python3.10/site-packages/django/db/models/fields/__init__.py:1606: RuntimeWarning: DateTimeField DailyTradingROI.roi_date received a naive datetime (2025-04-11 00:00:00) while time zone support is active.
  warnings.warn(
ROI DISTRIBUTED SUCCESSFULLY FOR DATE 2025-04-11 
/home/infinitytrade/infinityenv/lib/python3.10/site-packages/django/db/models/fields/__init__.py:1606: RuntimeWarning: DateTimeField InvestmentWallet.txn_date received a naive datetime (2025-04-12 00:00:00) while time zone support is active.
  warnings.warn(
/home/infinitytrade/infinityenv/lib/python3.10/site-packages/django/db/models/fields/__init__.py:1606: RuntimeWarning: DateTimeField DailyTradingROI.roi_date received a naive datetime (2025-04-12 00:00:00) while time zone support is active.
  warnings.warn(
ROI DISTRIBUTED SUCCESSFULLY FOR DATE 2025-04-12 
ROI distribution skipped for weekend (Sunday) - 2025-04-13
/home/infinitytrade/infinityenv/lib/python3.10/site-packages/django/db/models/fields/__init__.py:1606: RuntimeWarning: DateTimeField InvestmentWallet.txn_date received a naive datetime (2025-04-14 00:00:00) while time zone support is active.
  warnings.warn(
/home/infinitytrade/infinityenv/lib/python3.10/site-packages/django/db/models/fields/__init__.py:1606: RuntimeWarning: DateTimeField DailyTradingROI.roi_date received a naive datetime (2025-04-14 00:00:00) while time zone support is active.
  warnings.warn(
ROI DISTRIBUTED SUCCESSFULLY FOR DATE 2025-04-14 
/home/infinitytrade/infinityenv/lib/python3.10/site-packages/django/db/models/fields/__init__.py:1606: RuntimeWarning: DateTimeField InvestmentWallet.txn_date received a naive datetime (2025-04-15 00:00:00) while time zone support is active.
  warnings.warn(
/home/infinitytrade/infinityenv/lib/python3.10/site-packages/django/db/models/fields/__init__.py:1606: RuntimeWarning: DateTimeField DailyTradingROI.roi_date received a naive datetime (2025-04-15 00:00:00) while time zone support is active.
  warnings.warn(
ROI DISTRIBUTED SUCCESSFULLY FOR DATE 2025-04-15 
/home/infinitytrade/infinityenv/lib/python3.10/site-packages/django/db/models/fields/__init__.py:1606: RuntimeWarning: DateTimeField InvestmentWallet.txn_date received a naive datetime (2025-04-16 00:00:00) while time zone support is active.
  warnings.warn(
/home/infinitytrade/infinityenv/lib/python3.10/site-packages/django/db/models/fields/__init__.py:1606: RuntimeWarning: DateTimeField DailyTradingROI.roi_date received a naive datetime (2025-04-16 00:00:00) while time zone support is active.
  warnings.warn(
ROI DISTRIBUTED SUCCESSFULLY FOR DATE 2025-04-16 
/home/infinitytrade/infinityenv/lib/python3.10/site-packages/django/db/models/fields/__init__.py:1606: RuntimeWarning: DateTimeField InvestmentWallet.txn_date received a naive datetime (2025-04-17 00:00:00) while time zone support is active.
  warnings.warn(
/home/infinitytrade/infinityenv/lib/python3.10/site-packages/django/db/models/fields/__init__.py:1606: RuntimeWarning: DateTimeField DailyTradingROI.roi_date received a naive datetime (2025-04-17 00:00:00) while time zone support is active.
  warnings.warn(
ROI DISTRIBUTED SUCCESSFULLY FOR DATE 2025-04-17 
/home/infinitytrade/infinityenv/lib/python3.10/site-packages/django/db/models/fields/__init__.py:1606: RuntimeWarning: DateTimeField InvestmentWallet.txn_date received a naive datetime (2025-04-18 00:00:00) while time zone support is active.
  warnings.warn(
/home/infinitytrade/infinityenv/lib/python3.10/site-packages/django/db/models/fields/__init__.py:1606: RuntimeWarning: DateTimeField DailyTradingROI.roi_date received a naive datetime (2025-04-18 00:00:00) while time zone support is active.
  warnings.warn(
ROI DISTRIBUTED SUCCESSFULLY FOR DATE 2025-04-18 
ROI distribution skipped for weekend (Saturday) - 2025-04-19
ROI distribution skipped for weekend (Sunday) - 2025-04-20
/home/infinitytrade/infinityenv/lib/python3.10/site-packages/django/db/models/fields/__init__.py:1606: RuntimeWarning: DateTimeField InvestmentWallet.txn_date received a naive datetime (2025-04-21 00:00:00) while time zone support is active.
  warnings.warn(
/home/infinitytrade/infinityenv/lib/python3.10/site-packages/django/db/models/fields/__init__.py:1606: RuntimeWarning: DateTimeField DailyTradingROI.roi_date received a naive datetime (2025-04-21 00:00:00) while time zone support is active.
  warnings.warn(
ROI DISTRIBUTED SUCCESSFULLY FOR DATE 2025-04-21 
/home/infinitytrade/infinityenv/lib/python3.10/site-packages/django/db/models/fields/__init__.py:1606: RuntimeWarning: DateTimeField InvestmentWallet.txn_date received a naive datetime (2025-04-22 00:00:00) while time zone support is active.
  warnings.warn(
/home/infinitytrade/infinityenv/lib/python3.10/site-packages/django/db/models/fields/__init__.py:1606: RuntimeWarning: DateTimeField DailyTradingROI.roi_date received a naive datetime (2025-04-22 00:00:00) while time zone support is active.
  warnings.warn(
ROI DISTRIBUTED SUCCESSFULLY FOR DATE 2025-04-22 
/home/infinitytrade/infinityenv/lib/python3.10/site-packages/django/db/models/fields/__init__.py:1606: RuntimeWarning: DateTimeField InvestmentWallet.txn_date received a naive datetime (2025-04-23 00:00:00) while time zone support is active.
  warnings.warn(
/home/infinitytrade/infinityenv/lib/python3.10/site-packages/django/db/models/fields/__init__.py:1606: RuntimeWarning: DateTimeField DailyTradingROI.roi_date received a naive datetime (2025-04-23 00:00:00) while time zone support is active.
  warnings.warn(
ROI DISTRIBUTED SUCCESSFULLY FOR DATE 2025-04-23 
/home/infinitytrade/infinityenv/lib/python3.10/site-packages/django/db/models/fields/__init__.py:1606: RuntimeWarning: DateTimeField InvestmentWallet.txn_date received a naive datetime (2025-04-24 00:00:00) while time zone support is active.
  warnings.warn(
/home/infinitytrade/infinityenv/lib/python3.10/site-packages/django/db/models/fields/__init__.py:1606: RuntimeWarning: DateTimeField DailyTradingROI.roi_date received a naive datetime (2025-04-24 00:00:00) while time zone support is active.
  warnings.warn(
ROI DISTRIBUTED SUCCESSFULLY FOR DATE 2025-04-24 
/home/infinitytrade/infinityenv/lib/python3.10/site-packages/django/db/models/fields/__init__.py:1606: RuntimeWarning: DateTimeField InvestmentWallet.txn_date received a naive datetime (2025-04-25 00:00:00) while time zone support is active.
  warnings.warn(
/home/infinitytrade/infinityenv/lib/python3.10/site-packages/django/db/models/fields/__init__.py:1606: RuntimeWarning: DateTimeField DailyTradingROI.roi_date received a naive datetime (2025-04-25 00:00:00) while time zone support is active.
  warnings.warn(
ROI DISTRIBUTED SUCCESSFULLY FOR DATE 2025-04-25 
ROI distribution skipped for weekend (Saturday) - 2025-04-26
ROI distribution skipped for weekend (Sunday) - 2025-04-27
/home/infinitytrade/infinityenv/lib/python3.10/site-packages/django/db/models/fields/__init__.py:1606: RuntimeWarning: DateTimeField InvestmentWallet.txn_date received a naive datetime (2025-04-28 00:00:00) while time zone support is active.
  warnings.warn(
/home/infinitytrade/infinityenv/lib/python3.10/site-packages/django/db/models/fields/__init__.py:1606: RuntimeWarning: DateTimeField DailyTradingROI.roi_date received a naive datetime (2025-04-28 00:00:00) while time zone support is active.
  warnings.warn(
ROI DISTRIBUTED SUCCESSFULLY FOR DATE 2025-04-28 
/home/infinitytrade/infinityenv/lib/python3.10/site-packages/django/db/models/fields/__init__.py:1606: RuntimeWarning: DateTimeField InvestmentWallet.txn_date received a naive datetime (2025-04-29 00:00:00) while time zone support is active.
  warnings.warn(
/home/infinitytrade/infinityenv/lib/python3.10/site-packages/django/db/models/fields/__init__.py:1606: RuntimeWarning: DateTimeField DailyTradingROI.roi_date received a naive datetime (2025-04-29 00:00:00) while time zone support is active.
  warnings.warn(
ROI DISTRIBUTED SUCCESSFULLY FOR DATE 2025-04-29 
/home/infinitytrade/infinityenv/lib/python3.10/site-packages/django/db/models/fields/__init__.py:1606: RuntimeWarning: DateTimeField InvestmentWallet.txn_date received a naive datetime (2025-04-30 00:00:00) while time zone support is active.
  warnings.warn(
/home/infinitytrade/infinityenv/lib/python3.10/site-packages/django/db/models/fields/__init__.py:1606: RuntimeWarning: DateTimeField DailyTradingROI.roi_date received a naive datetime (2025-04-30 00:00:00) while time zone support is active.
  warnings.warn(
ROI DISTRIBUTED SUCCESSFULLY FOR DATE 2025-04-30 
/home/infinitytrade/infinityenv/lib/python3.10/site-packages/django/db/models/fields/__init__.py:1606: RuntimeWarning: DateTimeField InvestmentWallet.txn_date received a naive datetime (2025-05-01 00:00:00) while time zone support is active.
  warnings.warn(
/home/infinitytrade/infinityenv/lib/python3.10/site-packages/django/db/models/fields/__init__.py:1606: RuntimeWarning: DateTimeField DailyTradingROI.roi_date received a naive datetime (2025-05-01 00:00:00) while time zone support is active.
  warnings.warn(
ROI DISTRIBUTED SUCCESSFULLY FOR DATE 2025-05-01 
/home/infinitytrade/infinityenv/lib/python3.10/site-packages/django/db/models/fields/__init__.py:1606: RuntimeWarning: DateTimeField InvestmentWallet.txn_date received a naive datetime (2025-05-02 00:00:00) while time zone support is active.
  warnings.warn(
/home/infinitytrade/infinityenv/lib/python3.10/site-packages/django/db/models/fields/__init__.py:1606: RuntimeWarning: DateTimeField DailyTradingROI.roi_date received a naive datetime (2025-05-02 00:00:00) while time zone support is active.
  warnings.warn(
ROI DISTRIBUTED SUCCESSFULLY FOR DATE 2025-05-02 
ROI distribution skipped for weekend (Saturday) - 2025-05-03
ROI distribution skipped for weekend (Sunday) - 2025-05-04
/home/infinitytrade/infinityenv/lib/python3.10/site-packages/django/db/models/fields/__init__.py:1606: RuntimeWarning: DateTimeField InvestmentWallet.txn_date received a naive datetime (2025-05-05 00:00:00) while time zone support is active.
  warnings.warn(
/home/infinitytrade/infinityenv/lib/python3.10/site-packages/django/db/models/fields/__init__.py:1606: RuntimeWarning: DateTimeField DailyTradingROI.roi_date received a naive datetime (2025-05-05 00:00:00) while time zone support is active.
  warnings.warn(
ROI DISTRIBUTED SUCCESSFULLY FOR DATE 2025-05-05 
/home/infinitytrade/infinityenv/lib/python3.10/site-packages/django/db/models/fields/__init__.py:1606: RuntimeWarning: DateTimeField InvestmentWallet.txn_date received a naive datetime (2025-05-06 00:00:00) while time zone support is active.
  warnings.warn(
/home/infinitytrade/infinityenv/lib/python3.10/site-packages/django/db/models/fields/__init__.py:1606: RuntimeWarning: DateTimeField DailyTradingROI.roi_date received a naive datetime (2025-05-06 00:00:00) while time zone support is active.
  warnings.warn(
ROI DISTRIBUTED SUCCESSFULLY FOR DATE 2025-05-06 
/home/infinitytrade/infinityenv/lib/python3.10/site-packages/django/db/models/fields/__init__.py:1606: RuntimeWarning: DateTimeField InvestmentWallet.txn_date received a naive datetime (2025-05-07 00:00:00) while time zone support is active.
  warnings.warn(
/home/infinitytrade/infinityenv/lib/python3.10/site-packages/django/db/models/fields/__init__.py:1606: RuntimeWarning: DateTimeField DailyTradingROI.roi_date received a naive datetime (2025-05-07 00:00:00) while time zone support is active.
  warnings.warn(
ROI DISTRIBUTED SUCCESSFULLY FOR DATE 2025-05-07 
/home/infinitytrade/infinityenv/lib/python3.10/site-packages/django/db/models/fields/__init__.py:1606: RuntimeWarning: DateTimeField InvestmentWallet.txn_date received a naive datetime (2025-05-08 00:00:00) while time zone support is active.
  warnings.warn(
/home/infinitytrade/infinityenv/lib/python3.10/site-packages/django/db/models/fields/__init__.py:1606: RuntimeWarning: DateTimeField DailyTradingROI.roi_date received a naive datetime (2025-05-08 00:00:00) while time zone support is active.
  warnings.warn(
ROI DISTRIBUTED SUCCESSFULLY FOR DATE 2025-05-08 
/home/infinitytrade/infinityenv/lib/python3.10/site-packages/django/db/models/fields/__init__.py:1606: RuntimeWarning: DateTimeField InvestmentWallet.txn_date received a naive datetime (2025-05-09 00:00:00) while time zone support is active.
  warnings.warn(
/home/infinitytrade/infinityenv/lib/python3.10/site-packages/django/db/models/fields/__init__.py:1606: RuntimeWarning: DateTimeField DailyTradingROI.roi_date received a naive datetime (2025-05-09 00:00:00) while time zone support is active.
  warnings.warn(
ROI DISTRIBUTED SUCCESSFULLY FOR DATE 2025-05-09 
ROI distribution skipped for weekend (Saturday) - 2025-05-10
ROI distribution skipped for weekend (Sunday) - 2025-05-11
/home/infinitytrade/infinityenv/lib/python3.10/site-packages/django/db/models/fields/__init__.py:1606: RuntimeWarning: DateTimeField InvestmentWallet.txn_date received a naive datetime (2025-05-12 00:00:00) while time zone support is active.
  warnings.warn(
/home/infinitytrade/infinityenv/lib/python3.10/site-packages/django/db/models/fields/__init__.py:1606: RuntimeWarning: DateTimeField DailyTradingROI.roi_date received a naive datetime (2025-05-12 00:00:00) while time zone support is active.
  warnings.warn(
ROI DISTRIBUTED SUCCESSFULLY FOR DATE 2025-05-12 
/home/infinitytrade/infinityenv/lib/python3.10/site-packages/django/db/models/fields/__init__.py:1606: RuntimeWarning: DateTimeField InvestmentWallet.txn_date received a naive datetime (2025-05-13 00:00:00) while time zone support is active.
  warnings.warn(
/home/infinitytrade/infinityenv/lib/python3.10/site-packages/django/db/models/fields/__init__.py:1606: RuntimeWarning: DateTimeField DailyTradingROI.roi_date received a naive datetime (2025-05-13 00:00:00) while time zone support is active.
  warnings.warn(
ROI DISTRIBUTED SUCCESSFULLY FOR DATE 2025-05-13 
/home/infinitytrade/infinityenv/lib/python3.10/site-packages/django/db/models/fields/__init__.py:1606: RuntimeWarning: DateTimeField InvestmentWallet.txn_date received a naive datetime (2025-05-14 00:00:00) while time zone support is active.
  warnings.warn(
/home/infinitytrade/infinityenv/lib/python3.10/site-packages/django/db/models/fields/__init__.py:1606: RuntimeWarning: DateTimeField DailyTradingROI.roi_date received a naive datetime (2025-05-14 00:00:00) while time zone support is active.
  warnings.warn(
ROI DISTRIBUTED SUCCESSFULLY FOR DATE 2025-05-14 
/home/infinitytrade/infinityenv/lib/python3.10/site-packages/django/db/models/fields/__init__.py:1606: RuntimeWarning: DateTimeField InvestmentWallet.txn_date received a naive datetime (2025-05-15 00:00:00) while time zone support is active.
  warnings.warn(
/home/infinitytrade/infinityenv/lib/python3.10/site-packages/django/db/models/fields/__init__.py:1606: RuntimeWarning: DateTimeField DailyTradingROI.roi_date received a naive datetime (2025-05-15 00:00:00) while time zone support is active.
  warnings.warn(
ROI DISTRIBUTED SUCCESSFULLY FOR DATE 2025-05-15 
/home/infinitytrade/infinityenv/lib/python3.10/site-packages/django/db/models/fields/__init__.py:1606: RuntimeWarning: DateTimeField InvestmentWallet.txn_date received a naive datetime (2025-05-16 00:00:00) while time zone support is active.
  warnings.warn(
/home/infinitytrade/infinityenv/lib/python3.10/site-packages/django/db/models/fields/__init__.py:1606: RuntimeWarning: DateTimeField DailyTradingROI.roi_date received a naive datetime (2025-05-16 00:00:00) while time zone support is active.
  warnings.warn(
ROI DISTRIBUTED SUCCESSFULLY FOR DATE 2025-05-16 
ROI distribution skipped for weekend (Sunday) - 2025-05-18
/home/infinitytrade/infinityenv/lib/python3.10/site-packages/django/db/models/fields/__init__.py:1606: RuntimeWarning: DateTimeField InvestmentWallet.txn_date received a naive datetime (2025-05-19 00:00:00) while time zone support is active.
  warnings.warn(
/home/infinitytrade/infinityenv/lib/python3.10/site-packages/django/db/models/fields/__init__.py:1606: RuntimeWarning: DateTimeField DailyTradingROI.roi_date received a naive datetime (2025-05-19 00:00:00) while time zone support is active.
  warnings.warn(
ROI DISTRIBUTED SUCCESSFULLY FOR DATE 2025-05-19 
/home/infinitytrade/infinityenv/lib/python3.10/site-packages/django/db/models/fields/__init__.py:1606: RuntimeWarning: DateTimeField InvestmentWallet.txn_date received a naive datetime (2025-05-20 00:00:00) while time zone support is active.
  warnings.warn(
/home/infinitytrade/infinityenv/lib/python3.10/site-packages/django/db/models/fields/__init__.py:1606: RuntimeWarning: DateTimeField DailyTradingROI.roi_date received a naive datetime (2025-05-20 00:00:00) while time zone support is active.
  warnings.warn(
ROI DISTRIBUTED SUCCESSFULLY FOR DATE 2025-05-20 
/home/infinitytrade/infinityenv/lib/python3.10/site-packages/django/db/models/fields/__init__.py:1606: RuntimeWarning: DateTimeField InvestmentWallet.txn_date received a naive datetime (2025-05-21 00:00:00) while time zone support is active.
  warnings.warn(
/home/infinitytrade/infinityenv/lib/python3.10/site-packages/django/db/models/fields/__init__.py:1606: RuntimeWarning: DateTimeField DailyTradingROI.roi_date received a naive datetime (2025-05-21 00:00:00) while time zone support is active.
  warnings.warn(
ROI DISTRIBUTED SUCCESSFULLY FOR DATE 2025-05-21 
/home/infinitytrade/infinityenv/lib/python3.10/site-packages/django/db/models/fields/__init__.py:1606: RuntimeWarning: DateTimeField InvestmentWallet.txn_date received a naive datetime (2025-05-22 00:00:00) while time zone support is active.
  warnings.warn(
/home/infinitytrade/infinityenv/lib/python3.10/site-packages/django/db/models/fields/__init__.py:1606: RuntimeWarning: DateTimeField DailyTradingROI.roi_date received a naive datetime (2025-05-22 00:00:00) while time zone support is active.
  warnings.warn(
ROI DISTRIBUTED SUCCESSFULLY FOR DATE 2025-05-22 
/home/infinitytrade/infinityenv/lib/python3.10/site-packages/django/db/models/fields/__init__.py:1606: RuntimeWarning: DateTimeField InvestmentWallet.txn_date received a naive datetime (2025-05-23 00:00:00) while time zone support is active.
  warnings.warn(
/home/infinitytrade/infinityenv/lib/python3.10/site-packages/django/db/models/fields/__init__.py:1606: RuntimeWarning: DateTimeField DailyTradingROI.roi_date received a naive datetime (2025-05-23 00:00:00) while time zone support is active.
  warnings.warn(
ROI DISTRIBUTED SUCCESSFULLY FOR DATE 2025-05-23 
ROI distribution skipped for weekend (Saturday) - 2025-05-24
ROI distribution skipped for weekend (Sunday) - 2025-05-25
/home/infinitytrade/infinityenv/lib/python3.10/site-packages/django/db/models/fields/__init__.py:1606: RuntimeWarning: DateTimeField InvestmentWallet.txn_date received a naive datetime (2025-05-26 00:00:00) while time zone support is active.
  warnings.warn(
/home/infinitytrade/infinityenv/lib/python3.10/site-packages/django/db/models/fields/__init__.py:1606: RuntimeWarning: DateTimeField DailyTradingROI.roi_date received a naive datetime (2025-05-26 00:00:00) while time zone support is active.
  warnings.warn(
ROI DISTRIBUTED SUCCESSFULLY FOR DATE 2025-05-26 
/home/infinitytrade/infinityenv/lib/python3.10/site-packages/django/db/models/fields/__init__.py:1606: RuntimeWarning: DateTimeField InvestmentWallet.txn_date received a naive datetime (2025-05-27 00:00:00) while time zone support is active.
  warnings.warn(
/home/infinitytrade/infinityenv/lib/python3.10/site-packages/django/db/models/fields/__init__.py:1606: RuntimeWarning: DateTimeField DailyTradingROI.roi_date received a naive datetime (2025-05-27 00:00:00) while time zone support is active.
  warnings.warn(
ROI DISTRIBUTED SUCCESSFULLY FOR DATE 2025-05-27 
/home/infinitytrade/infinityenv/lib/python3.10/site-packages/django/db/models/fields/__init__.py:1606: RuntimeWarning: DateTimeField InvestmentWallet.txn_date received a naive datetime (2025-05-28 00:00:00) while time zone support is active.
  warnings.warn(
/home/infinitytrade/infinityenv/lib/python3.10/site-packages/django/db/models/fields/__init__.py:1606: RuntimeWarning: DateTimeField DailyTradingROI.roi_date received a naive datetime (2025-05-28 00:00:00) while time zone support is active.
  warnings.warn(
ROI DISTRIBUTED SUCCESSFULLY FOR DATE 2025-05-28 
/home/infinitytrade/infinityenv/lib/python3.10/site-packages/django/db/models/fields/__init__.py:1606: RuntimeWarning: DateTimeField InvestmentWallet.txn_date received a naive datetime (2025-05-29 00:00:00) while time zone support is active.
  warnings.warn(
/home/infinitytrade/infinityenv/lib/python3.10/site-packages/django/db/models/fields/__init__.py:1606: RuntimeWarning: DateTimeField DailyTradingROI.roi_date received a naive datetime (2025-05-29 00:00:00) while time zone support is active.
  warnings.warn(
ROI DISTRIBUTED SUCCESSFULLY FOR DATE 2025-05-29 
/home/infinitytrade/infinityenv/lib/python3.10/site-packages/django/db/models/fields/__init__.py:1606: RuntimeWarning: DateTimeField InvestmentWallet.txn_date received a naive datetime (2025-05-30 00:00:00) while time zone support is active.
  warnings.warn(
/home/infinitytrade/infinityenv/lib/python3.10/site-packages/django/db/models/fields/__init__.py:1606: RuntimeWarning: DateTimeField DailyTradingROI.roi_date received a naive datetime (2025-05-30 00:00:00) while time zone support is active.
  warnings.warn(
ROI DISTRIBUTED SUCCESSFULLY FOR DATE 2025-05-30 
ROI distribution skipped for weekend (Saturday) - 2025-05-31
ROI distribution skipped for weekend (Sunday) - 2025-06-01
/home/infinitytrade/infinityenv/lib/python3.10/site-packages/django/db/models/fields/__init__.py:1606: RuntimeWarning: DateTimeField InvestmentWallet.txn_date received a naive datetime (2025-06-02 00:00:00) while time zone support is active.
  warnings.warn(
/home/infinitytrade/infinityenv/lib/python3.10/site-packages/django/db/models/fields/__init__.py:1606: RuntimeWarning: DateTimeField DailyTradingROI.roi_date received a naive datetime (2025-06-02 00:00:00) while time zone support is active.
  warnings.warn(
ROI DISTRIBUTED SUCCESSFULLY FOR DATE 2025-06-02 
/home/infinitytrade/infinityenv/lib/python3.10/site-packages/django/db/models/fields/__init__.py:1606: RuntimeWarning: DateTimeField InvestmentWallet.txn_date received a naive datetime (2025-06-03 00:00:00) while time zone support is active.
  warnings.warn(
/home/infinitytrade/infinityenv/lib/python3.10/site-packages/django/db/models/fields/__init__.py:1606: RuntimeWarning: DateTimeField DailyTradingROI.roi_date received a naive datetime (2025-06-03 00:00:00) while time zone support is active.
  warnings.warn(
ROI DISTRIBUTED SUCCESSFULLY FOR DATE 2025-06-03 
/home/infinitytrade/infinityenv/lib/python3.10/site-packages/django/db/models/fields/__init__.py:1606: RuntimeWarning: DateTimeField InvestmentWallet.txn_date received a naive datetime (2025-06-04 00:00:00) while time zone support is active.
  warnings.warn(
/home/infinitytrade/infinityenv/lib/python3.10/site-packages/django/db/models/fields/__init__.py:1606: RuntimeWarning: DateTimeField DailyTradingROI.roi_date received a naive datetime (2025-06-04 00:00:00) while time zone support is active.
  warnings.warn(
ROI DISTRIBUTED SUCCESSFULLY FOR DATE 2025-06-04 
/home/infinitytrade/infinityenv/lib/python3.10/site-packages/django/db/models/fields/__init__.py:1606: RuntimeWarning: DateTimeField InvestmentWallet.txn_date received a naive datetime (2025-06-05 00:00:00) while time zone support is active.
  warnings.warn(
/home/infinitytrade/infinityenv/lib/python3.10/site-packages/django/db/models/fields/__init__.py:1606: RuntimeWarning: DateTimeField DailyTradingROI.roi_date received a naive datetime (2025-06-05 00:00:00) while time zone support is active.
  warnings.warn(
ROI DISTRIBUTED SUCCESSFULLY FOR DATE 2025-06-05 
/home/infinitytrade/infinityenv/lib/python3.10/site-packages/django/db/models/fields/__init__.py:1606: RuntimeWarning: DateTimeField InvestmentWallet.txn_date received a naive datetime (2025-06-06 00:00:00) while time zone support is active.
  warnings.warn(
/home/infinitytrade/infinityenv/lib/python3.10/site-packages/django/db/models/fields/__init__.py:1606: RuntimeWarning: DateTimeField DailyTradingROI.roi_date received a naive datetime (2025-06-06 00:00:00) while time zone support is active.
  warnings.warn(
ROI DISTRIBUTED SUCCESSFULLY FOR DATE 2025-06-06 
ROI distribution skipped for weekend (Saturday) - 2025-06-07
ROI distribution skipped for weekend (Sunday) - 2025-06-08
/home/infinitytrade/infinityenv/lib/python3.10/site-packages/django/db/models/fields/__init__.py:1606: RuntimeWarning: DateTimeField InvestmentWallet.txn_date received a naive datetime (2025-06-09 00:00:00) while time zone support is active.
  warnings.warn(
/home/infinitytrade/infinityenv/lib/python3.10/site-packages/django/db/models/fields/__init__.py:1606: RuntimeWarning: DateTimeField DailyTradingROI.roi_date received a naive datetime (2025-06-09 00:00:00) while time zone support is active.
  warnings.warn(
ROI DISTRIBUTED SUCCESSFULLY FOR DATE 2025-06-09 
